ARM Linker, 5.03 [Build 76] [MDK-ARM Professional]

==============================================================================

Section Cross References

    startup_lpc17xx.o(RESET) refers to startup_lpc17xx.o(STACK) for __initial_sp
    startup_lpc17xx.o(RESET) refers to startup_lpc17xx.o(.text) for Reset_Handler
    startup_lpc17xx.o(RESET) refers to irq.o(.text) for SysTick_Handler
    startup_lpc17xx.o(.text) refers to system_lpc17xx.o(.text) for SystemInit
    startup_lpc17xx.o(.text) refers to entry.o(.ARM.Collect$$$$00000000) for __main
    system_lpc17xx.o(.text) refers to uldiv.o(.text) for __aeabi_uldivmod
    system_lpc17xx.o(.text) refers to system_lpc17xx.o(.data) for SystemCoreClock
    blinky.o(.text) refers to glcd_spi_lpc1700.o(.text) for GLCD_SetTextColor
    blinky.o(.text) refers to led.o(.text) for LED_Init
    blinky.o(.text) refers to kbd.o(.text) for KBD_Init
    blinky.o(.text) refers to adc.o(.text) for ADC_Init
    blinky.o(.text) refers to blinky.o(.constdata) for MUSIC_NOTE_C_pixel_data
    blinky.o(.text) refers to blinky.o(.data) for kbd_actual_value
    irq.o(.text) refers to irq.o(.data) for ticks
    glcd_spi_lpc1700.o(.text) refers to glcd_spi_lpc1700.o(.data) for Himax
    glcd_spi_lpc1700.o(.text) refers to glcd_spi_lpc1700.o(.constdata) for Font_6x8_h
    led.o(.text) refers to led.o(.constdata) for led_mask
    adc.o(.text) refers to adc.o(.data) for AD_last
    entry.o(.ARM.Collect$$$$00000000) refers (Special) to entry10a.o(.ARM.Collect$$$$0000000D) for __rt_final_cpp
    entry.o(.ARM.Collect$$$$00000000) refers (Special) to entry11a.o(.ARM.Collect$$$$0000000F) for __rt_final_exit
    entry.o(.ARM.Collect$$$$00000000) refers (Special) to entry7b.o(.ARM.Collect$$$$00000008) for _main_clock
    entry.o(.ARM.Collect$$$$00000000) refers (Special) to entry8b.o(.ARM.Collect$$$$0000000A) for _main_cpp_init
    entry.o(.ARM.Collect$$$$00000000) refers (Special) to entry9a.o(.ARM.Collect$$$$0000000B) for _main_init
    entry.o(.ARM.Collect$$$$00000000) refers (Special) to entry5.o(.ARM.Collect$$$$00000004) for _main_scatterload
    entry.o(.ARM.Collect$$$$00000000) refers (Special) to entry2.o(.ARM.Collect$$$$00000001) for _main_stk
    uldiv.o(.text) refers to llushr.o(.text) for __aeabi_llsr
    uldiv.o(.text) refers to llshl.o(.text) for __aeabi_llsl
    entry2.o(.ARM.Collect$$$$00000001) refers to entry2.o(.ARM.Collect$$$$00002712) for __lit__00000000
    entry2.o(.ARM.Collect$$$$00002712) refers to startup_lpc17xx.o(STACK) for __initial_sp
    entry2.o(__vectab_stack_and_reset_area) refers to startup_lpc17xx.o(STACK) for __initial_sp
    entry2.o(__vectab_stack_and_reset_area) refers to entry.o(.ARM.Collect$$$$00000000) for __main
    entry5.o(.ARM.Collect$$$$00000004) refers to init.o(.text) for __scatterload
    entry9a.o(.ARM.Collect$$$$0000000B) refers to blinky.o(.text) for main
    entry9b.o(.ARM.Collect$$$$0000000C) refers to blinky.o(.text) for main
    init.o(.text) refers to entry5.o(.ARM.Collect$$$$00000004) for __main_after_scatterload


==============================================================================

Removing Unused input sections from the image.

    Removing startup_lpc17xx.o(HEAP), (0 bytes).
    Removing system_lpc17xx.o(.rev16_text), (4 bytes).
    Removing system_lpc17xx.o(.revsh_text), (4 bytes).
    Removing core_cm3.o(.emb_text), (32 bytes).
    Removing blinky.o(.rev16_text), (4 bytes).
    Removing blinky.o(.revsh_text), (4 bytes).
    Removing glcd_spi_lpc1700.o(.rev16_text), (4 bytes).
    Removing glcd_spi_lpc1700.o(.revsh_text), (4 bytes).
    Removing led.o(.rev16_text), (4 bytes).
    Removing led.o(.revsh_text), (4 bytes).
    Removing kbd.o(.rev16_text), (4 bytes).
    Removing kbd.o(.revsh_text), (4 bytes).
    Removing kbd.o(.data), (4 bytes).
    Removing adc.o(.rev16_text), (4 bytes).
    Removing adc.o(.revsh_text), (4 bytes).
    Removing bg_16bpp_t.o(.constdata), (44230 bytes).
    Removing bg_16bpp_l.o(.data), (886 bytes).
    Removing bg_16bpp_r.o(.constdata), (886 bytes).
    Removing bg_16bpp_b.o(.constdata), (44230 bytes).
    Removing arm_ani_16bpp.o(.constdata), (108000 bytes).
    Removing grug.o(.constdata), (45001 bytes).
    Removing hank.o(.constdata), (45001 bytes).
    Removing lory.o(.constdata), (45001 bytes).
    Removing music_note.o(.constdata), (45001 bytes).

24 unused section(s) (total 378320 bytes) removed from the image.

==============================================================================

Image Symbol Table

    Local Symbols

    Symbol Name                              Value     Ov Type        Size  Object(Section)

    RESET                                    0x00000000   Section      204  startup_lpc17xx.o(RESET)
    ../clib/microlib/division.c              0x00000000   Number         0  uldiv.o ABSOLUTE
    ../clib/microlib/init/entry.s            0x00000000   Number         0  entry11b.o ABSOLUTE
    ../clib/microlib/init/entry.s            0x00000000   Number         0  entry10b.o ABSOLUTE
    ../clib/microlib/init/entry.s            0x00000000   Number         0  entry10a.o ABSOLUTE
    ../clib/microlib/init/entry.s            0x00000000   Number         0  entry9b.o ABSOLUTE
    ../clib/microlib/init/entry.s            0x00000000   Number         0  entry9a.o ABSOLUTE
    ../clib/microlib/init/entry.s            0x00000000   Number         0  entry8b.o ABSOLUTE
    ../clib/microlib/init/entry.s            0x00000000   Number         0  entry8a.o ABSOLUTE
    ../clib/microlib/init/entry.s            0x00000000   Number         0  entry11a.o ABSOLUTE
    ../clib/microlib/init/entry.s            0x00000000   Number         0  entry7b.o ABSOLUTE
    ../clib/microlib/init/entry.s            0x00000000   Number         0  entry7a.o ABSOLUTE
    ../clib/microlib/init/entry.s            0x00000000   Number         0  entry5.o ABSOLUTE
    ../clib/microlib/init/entry.s            0x00000000   Number         0  entry2.o ABSOLUTE
    ../clib/microlib/init/entry.s            0x00000000   Number         0  entry.o ABSOLUTE
    ../clib/microlib/longlong.c              0x00000000   Number         0  llushr.o ABSOLUTE
    ../clib/microlib/longlong.c              0x00000000   Number         0  llshl.o ABSOLUTE
    ADC.c                                    0x00000000   Number         0  adc.o ABSOLUTE
    ADC.c                                    0x00000000   Number         0  adc.o ABSOLUTE
    ARM_Ani_16bpp.c                          0x00000000   Number         0  arm_ani_16bpp.o ABSOLUTE
    Bg_16bpp_b.c                             0x00000000   Number         0  bg_16bpp_b.o ABSOLUTE
    Bg_16bpp_l.c                             0x00000000   Number         0  bg_16bpp_l.o ABSOLUTE
    Bg_16bpp_r.c                             0x00000000   Number         0  bg_16bpp_r.o ABSOLUTE
    Bg_16bpp_t.c                             0x00000000   Number         0  bg_16bpp_t.o ABSOLUTE
    Blinky.c                                 0x00000000   Number         0  blinky.o ABSOLUTE
    Blinky.c                                 0x00000000   Number         0  blinky.o ABSOLUTE
    GLCD_SPI_LPC1700.c                       0x00000000   Number         0  glcd_spi_lpc1700.o ABSOLUTE
    GLCD_SPI_LPC1700.c                       0x00000000   Number         0  glcd_spi_lpc1700.o ABSOLUTE
    IRQ.c                                    0x00000000   Number         0  irq.o ABSOLUTE
    KBD.c                                    0x00000000   Number         0  kbd.o ABSOLUTE
    KBD.c                                    0x00000000   Number         0  kbd.o ABSOLUTE
    LED.c                                    0x00000000   Number         0  led.o ABSOLUTE
    LED.c                                    0x00000000   Number         0  led.o ABSOLUTE
    core_cm3.c                               0x00000000   Number         0  core_cm3.o ABSOLUTE
    core_cm3.c                               0x00000000   Number         0  core_cm3.o ABSOLUTE
    dc.s                                     0x00000000   Number         0  dc.o ABSOLUTE
    grug.c                                   0x00000000   Number         0  grug.o ABSOLUTE
    handlers.s                               0x00000000   Number         0  handlers.o ABSOLUTE
    hank.c                                   0x00000000   Number         0  hank.o ABSOLUTE
    init.s                                   0x00000000   Number         0  init.o ABSOLUTE
    lory.c                                   0x00000000   Number         0  lory.o ABSOLUTE
    music_note.c                             0x00000000   Number         0  music_note.o ABSOLUTE
    startup_LPC17xx.s                        0x00000000   Number         0  startup_lpc17xx.o ABSOLUTE
    system_LPC17xx.c                         0x00000000   Number         0  system_lpc17xx.o ABSOLUTE
    system_LPC17xx.c                         0x00000000   Number         0  system_lpc17xx.o ABSOLUTE
    .ARM.Collect$$$$00000000                 0x000000cc   Section        0  entry.o(.ARM.Collect$$$$00000000)
    .ARM.Collect$$$$00000001                 0x000000cc   Section        4  entry2.o(.ARM.Collect$$$$00000001)
    .ARM.Collect$$$$00000004                 0x000000d0   Section        4  entry5.o(.ARM.Collect$$$$00000004)
    .ARM.Collect$$$$00000008                 0x000000d4   Section        0  entry7b.o(.ARM.Collect$$$$00000008)
    .ARM.Collect$$$$0000000A                 0x000000d4   Section        0  entry8b.o(.ARM.Collect$$$$0000000A)
    .ARM.Collect$$$$0000000B                 0x000000d4   Section        8  entry9a.o(.ARM.Collect$$$$0000000B)
    .ARM.Collect$$$$0000000D                 0x000000dc   Section        0  entry10a.o(.ARM.Collect$$$$0000000D)
    .ARM.Collect$$$$0000000F                 0x000000dc   Section        0  entry11a.o(.ARM.Collect$$$$0000000F)
    .ARM.Collect$$$$00002712                 0x000000dc   Section        4  entry2.o(.ARM.Collect$$$$00002712)
    __lit__00000000                          0x000000dc   Data           4  entry2.o(.ARM.Collect$$$$00002712)
    .text                                    0x000000e0   Section       36  startup_lpc17xx.o(.text)
    .text                                    0x00000104   Section        0  irq.o(.text)
    .text                                    0x00000180   Section        0  led.o(.text)
    .text                                    0x0000022c   Section        0  kbd.o(.text)
    .text                                    0x0000028c   Section        0  uldiv.o(.text)
    i.__scatterload_copy                     0x000002ee   Section       14  handlers.o(i.__scatterload_copy)
    .ARM.__at_0x02FC                         0x000002fc   Section        4  startup_lpc17xx.o(.ARM.__at_0x02FC)
    .text                                    0x00000300   Section        0  system_lpc17xx.o(.text)
    .text                                    0x00000760   Section        0  blinky.o(.text)
    .text                                    0x00000abc   Section        0  glcd_spi_lpc1700.o(.text)
    delay                                    0x00000abd   Thumb Code    14  glcd_spi_lpc1700.o(.text)
    spi_tran_man                             0x00000acb   Thumb Code   124  glcd_spi_lpc1700.o(.text)
    wr_cmd                                   0x00000b47   Thumb Code    36  glcd_spi_lpc1700.o(.text)
    wr_dat                                   0x00000b6b   Thumb Code    36  glcd_spi_lpc1700.o(.text)
    rd_reg                                   0x00000b8f   Thumb Code    66  glcd_spi_lpc1700.o(.text)
    rd_id_man                                0x00000bd1   Thumb Code   132  glcd_spi_lpc1700.o(.text)
    spi_tran                                 0x000015ef   Thumb Code    26  glcd_spi_lpc1700.o(.text)
    wr_dat_start                             0x00001609   Thumb Code    16  glcd_spi_lpc1700.o(.text)
    wr_dat_stop                              0x00001619   Thumb Code     8  glcd_spi_lpc1700.o(.text)
    wr_dat_only                              0x00001621   Thumb Code    18  glcd_spi_lpc1700.o(.text)
    wr_reg                                   0x00001633   Thumb Code    20  glcd_spi_lpc1700.o(.text)
    .text                                    0x00001660   Section        0  adc.o(.text)
    .text                                    0x00001708   Section        0  llshl.o(.text)
    .text                                    0x00001726   Section        0  llushr.o(.text)
    .text                                    0x00001748   Section       36  init.o(.text)
    i.__scatterload_null                     0x0000176c   Section        2  handlers.o(i.__scatterload_null)
    i.__scatterload_zeroinit                 0x0000176e   Section       14  handlers.o(i.__scatterload_zeroinit)
    .constdata                               0x0000177c   Section    180004  blinky.o(.constdata)
    GRUG_C_pixel_data                        0x0000177c   Data       45001  blinky.o(.constdata)
    HANK_C_pixel_data                        0x0000c745   Data       45001  blinky.o(.constdata)
    LORY_C_pixel_data                        0x0001770e   Data       45001  blinky.o(.constdata)
    MUSIC_NOTE_C_pixel_data                  0x000226d7   Data       45001  blinky.o(.constdata)
    .constdata                               0x0002d6a0   Section     6272  glcd_spi_lpc1700.o(.constdata)
    .constdata                               0x0002ef20   Section       32  led.o(.constdata)
    .data                                    0x10000000   Section        8  system_lpc17xx.o(.data)
    .data                                    0x10000008   Section       44  blinky.o(.data)
    .data                                    0x10000034   Section        7  irq.o(.data)
    .data                                    0x1000003c   Section        5  glcd_spi_lpc1700.o(.data)
    Color                                    0x1000003c   Data           4  glcd_spi_lpc1700.o(.data)
    Himax                                    0x10000040   Data           1  glcd_spi_lpc1700.o(.data)
    .data                                    0x10000042   Section        4  adc.o(.data)
    STACK                                    0x10000048   Section      512  startup_lpc17xx.o(STACK)

    Global Symbols

    Symbol Name                              Value     Ov Type        Size  Object(Section)

    BuildAttributes$$THM_ISAv4$P$D$K$B$S$PE$A:L22UL41UL21$X:L11$S22US41US21$IEEE1$IW$USESV6$~STKCKD$USESV7$~SHL$OSPACE$EBA8$MICROLIB$REQ8$PRES8$EABIv2 0x00000000   Number         0  anon$$obj.o ABSOLUTE
    __ARM_use_no_argv                        0x00000000   Number         0  blinky.o ABSOLUTE
    __Vectors                                0x00000000   Data           4  startup_lpc17xx.o(RESET)
    __cpp_initialize__aeabi_                  - Undefined Weak Reference
    __cxa_finalize                            - Undefined Weak Reference
    __decompress                              - Undefined Weak Reference
    _clock_init                               - Undefined Weak Reference
    _microlib_exit                            - Undefined Weak Reference
    __main                                   0x000000cd   Thumb Code     0  entry.o(.ARM.Collect$$$$00000000)
    _main_stk                                0x000000cd   Thumb Code     0  entry2.o(.ARM.Collect$$$$00000001)
    _main_scatterload                        0x000000d1   Thumb Code     0  entry5.o(.ARM.Collect$$$$00000004)
    __main_after_scatterload                 0x000000d5   Thumb Code     0  entry5.o(.ARM.Collect$$$$00000004)
    _main_clock                              0x000000d5   Thumb Code     0  entry7b.o(.ARM.Collect$$$$00000008)
    _main_cpp_init                           0x000000d5   Thumb Code     0  entry8b.o(.ARM.Collect$$$$0000000A)
    _main_init                               0x000000d5   Thumb Code     0  entry9a.o(.ARM.Collect$$$$0000000B)
    __rt_final_cpp                           0x000000dd   Thumb Code     0  entry10a.o(.ARM.Collect$$$$0000000D)
    __rt_final_exit                          0x000000dd   Thumb Code     0  entry11a.o(.ARM.Collect$$$$0000000F)
    Reset_Handler                            0x000000e1   Thumb Code     8  startup_lpc17xx.o(.text)
    NMI_Handler                              0x000000e9   Thumb Code     2  startup_lpc17xx.o(.text)
    HardFault_Handler                        0x000000eb   Thumb Code     2  startup_lpc17xx.o(.text)
    MemManage_Handler                        0x000000ed   Thumb Code     2  startup_lpc17xx.o(.text)
    BusFault_Handler                         0x000000ef   Thumb Code     2  startup_lpc17xx.o(.text)
    UsageFault_Handler                       0x000000f1   Thumb Code     2  startup_lpc17xx.o(.text)
    SVC_Handler                              0x000000f3   Thumb Code     2  startup_lpc17xx.o(.text)
    DebugMon_Handler                         0x000000f5   Thumb Code     2  startup_lpc17xx.o(.text)
    PendSV_Handler                           0x000000f7   Thumb Code     2  startup_lpc17xx.o(.text)
    ADC_IRQHandler                           0x000000fb   Thumb Code     0  startup_lpc17xx.o(.text)
    BOD_IRQHandler                           0x000000fb   Thumb Code     0  startup_lpc17xx.o(.text)
    CANActivity_IRQHandler                   0x000000fb   Thumb Code     0  startup_lpc17xx.o(.text)
    CAN_IRQHandler                           0x000000fb   Thumb Code     0  startup_lpc17xx.o(.text)
    DMA_IRQHandler                           0x000000fb   Thumb Code     0  startup_lpc17xx.o(.text)
    EINT0_IRQHandler                         0x000000fb   Thumb Code     0  startup_lpc17xx.o(.text)
    EINT1_IRQHandler                         0x000000fb   Thumb Code     0  startup_lpc17xx.o(.text)
    EINT2_IRQHandler                         0x000000fb   Thumb Code     0  startup_lpc17xx.o(.text)
    EINT3_IRQHandler                         0x000000fb   Thumb Code     0  startup_lpc17xx.o(.text)
    ENET_IRQHandler                          0x000000fb   Thumb Code     0  startup_lpc17xx.o(.text)
    I2C0_IRQHandler                          0x000000fb   Thumb Code     0  startup_lpc17xx.o(.text)
    I2C1_IRQHandler                          0x000000fb   Thumb Code     0  startup_lpc17xx.o(.text)
    I2C2_IRQHandler                          0x000000fb   Thumb Code     0  startup_lpc17xx.o(.text)
    I2S_IRQHandler                           0x000000fb   Thumb Code     0  startup_lpc17xx.o(.text)
    MCPWM_IRQHandler                         0x000000fb   Thumb Code     0  startup_lpc17xx.o(.text)
    PLL0_IRQHandler                          0x000000fb   Thumb Code     0  startup_lpc17xx.o(.text)
    PLL1_IRQHandler                          0x000000fb   Thumb Code     0  startup_lpc17xx.o(.text)
    PWM1_IRQHandler                          0x000000fb   Thumb Code     0  startup_lpc17xx.o(.text)
    QEI_IRQHandler                           0x000000fb   Thumb Code     0  startup_lpc17xx.o(.text)
    RIT_IRQHandler                           0x000000fb   Thumb Code     0  startup_lpc17xx.o(.text)
    RTC_IRQHandler                           0x000000fb   Thumb Code     0  startup_lpc17xx.o(.text)
    SPI_IRQHandler                           0x000000fb   Thumb Code     0  startup_lpc17xx.o(.text)
    SSP0_IRQHandler                          0x000000fb   Thumb Code     0  startup_lpc17xx.o(.text)
    SSP1_IRQHandler                          0x000000fb   Thumb Code     0  startup_lpc17xx.o(.text)
    TIMER0_IRQHandler                        0x000000fb   Thumb Code     0  startup_lpc17xx.o(.text)
    TIMER1_IRQHandler                        0x000000fb   Thumb Code     0  startup_lpc17xx.o(.text)
    TIMER2_IRQHandler                        0x000000fb   Thumb Code     0  startup_lpc17xx.o(.text)
    TIMER3_IRQHandler                        0x000000fb   Thumb Code     0  startup_lpc17xx.o(.text)
    UART0_IRQHandler                         0x000000fb   Thumb Code     0  startup_lpc17xx.o(.text)
    UART1_IRQHandler                         0x000000fb   Thumb Code     0  startup_lpc17xx.o(.text)
    UART2_IRQHandler                         0x000000fb   Thumb Code     0  startup_lpc17xx.o(.text)
    UART3_IRQHandler                         0x000000fb   Thumb Code     0  startup_lpc17xx.o(.text)
    USBActivity_IRQHandler                   0x000000fb   Thumb Code     0  startup_lpc17xx.o(.text)
    USB_IRQHandler                           0x000000fb   Thumb Code     0  startup_lpc17xx.o(.text)
    WDT_IRQHandler                           0x000000fb   Thumb Code     0  startup_lpc17xx.o(.text)
    SysTick_Handler                          0x00000105   Thumb Code   108  irq.o(.text)
    LED_Init                                 0x00000181   Thumb Code    38  led.o(.text)
    LED_On                                   0x000001a7   Thumb Code    40  led.o(.text)
    LED_Off                                  0x000001cf   Thumb Code    40  led.o(.text)
    LED_Out                                  0x000001f7   Thumb Code    38  led.o(.text)
    KBD_Init                                 0x0000022d   Thumb Code    42  kbd.o(.text)
    KBD_get                                  0x00000257   Thumb Code    12  kbd.o(.text)
    get_button                               0x00000263   Thumb Code    20  kbd.o(.text)
    __aeabi_uldivmod                         0x0000028d   Thumb Code    98  uldiv.o(.text)
    __scatterload_copy                       0x000002ef   Thumb Code    14  handlers.o(i.__scatterload_copy)
    SystemCoreClockUpdate                    0x00000301   Thumb Code   424  system_lpc17xx.o(.text)
    SystemInit                               0x000004a9   Thumb Code   290  system_lpc17xx.o(.text)
    SystemClockUpdate                        0x000005cb   Thumb Code   398  system_lpc17xx.o(.text)
    delay                                    0x00000761   Thumb Code    26  blinky.o(.text)
    mp3                                      0x0000077b   Thumb Code    82  blinky.o(.text)
    gallery                                  0x000007cd   Thumb Code   206  blinky.o(.text)
    menu_selection                           0x0000089b   Thumb Code   186  blinky.o(.text)
    main                                     0x00000955   Thumb Code   236  blinky.o(.text)
    GLCD_Init                                0x00000c55   Thumb Code  1514  glcd_spi_lpc1700.o(.text)
    GLCD_SetWindow                           0x0000123f   Thumb Code   168  glcd_spi_lpc1700.o(.text)
    GLCD_WindowMax                           0x000012e7   Thumb Code    26  glcd_spi_lpc1700.o(.text)
    GLCD_PutPixel                            0x00001301   Thumb Code   118  glcd_spi_lpc1700.o(.text)
    GLCD_SetTextColor                        0x00001377   Thumb Code     6  glcd_spi_lpc1700.o(.text)
    GLCD_SetBackColor                        0x0000137d   Thumb Code     6  glcd_spi_lpc1700.o(.text)
    GLCD_Clear                               0x00001383   Thumb Code    42  glcd_spi_lpc1700.o(.text)
    GLCD_DrawChar                            0x000013ad   Thumb Code   150  glcd_spi_lpc1700.o(.text)
    GLCD_DisplayChar                         0x00001443   Thumb Code    84  glcd_spi_lpc1700.o(.text)
    GLCD_DisplayString                       0x00001497   Thumb Code    40  glcd_spi_lpc1700.o(.text)
    GLCD_ClearLn                             0x000014bf   Thumb Code    94  glcd_spi_lpc1700.o(.text)
    GLCD_Bargraph                            0x0000151d   Thumb Code    98  glcd_spi_lpc1700.o(.text)
    GLCD_Bitmap                              0x0000157f   Thumb Code    82  glcd_spi_lpc1700.o(.text)
    GLCD_ScrollVertical                      0x000015d1   Thumb Code     2  glcd_spi_lpc1700.o(.text)
    GLCD_WrCmd                               0x000015d3   Thumb Code    12  glcd_spi_lpc1700.o(.text)
    GLCD_WrReg                               0x000015df   Thumb Code    16  glcd_spi_lpc1700.o(.text)
    ADC_Init                                 0x00001661   Thumb Code    64  adc.o(.text)
    ADC_StartCnv                             0x000016a1   Thumb Code    24  adc.o(.text)
    ADC_StopCnv                              0x000016b9   Thumb Code    14  adc.o(.text)
    ADC_GetCnv                               0x000016c7   Thumb Code    36  adc.o(.text)
    __aeabi_llsl                             0x00001709   Thumb Code    30  llshl.o(.text)
    _ll_shift_l                              0x00001709   Thumb Code     0  llshl.o(.text)
    __aeabi_llsr                             0x00001727   Thumb Code    32  llushr.o(.text)
    _ll_ushift_r                             0x00001727   Thumb Code     0  llushr.o(.text)
    __scatterload                            0x00001749   Thumb Code    28  init.o(.text)
    __scatterload_rt2                        0x00001749   Thumb Code     0  init.o(.text)
    __scatterload_null                       0x0000176d   Thumb Code     2  handlers.o(i.__scatterload_null)
    __scatterload_zeroinit                   0x0000176f   Thumb Code    14  handlers.o(i.__scatterload_zeroinit)
    Font_6x8_h                               0x0002d6a0   Data         896  glcd_spi_lpc1700.o(.constdata)
    Font_16x24_h                             0x0002da20   Data        5376  glcd_spi_lpc1700.o(.constdata)
    led_mask                                 0x0002ef20   Data          32  led.o(.constdata)
    Region$$Table$$Base                      0x0002ef40   Number         0  anon$$obj.o(Region$$Table)
    Region$$Table$$Limit                     0x0002ef60   Number         0  anon$$obj.o(Region$$Table)
    SystemCoreClock                          0x10000000   Data           4  system_lpc17xx.o(.data)
    SystemFrequency                          0x10000004   Data           4  system_lpc17xx.o(.data)
    kbd_actual_value                         0x10000008   Data           2  blinky.o(.data)
    ad_avg                                   0x1000000c   Data           4  blinky.o(.data)
    ad_val                                   0x10000010   Data           2  blinky.o(.data)
    ad_val_                                  0x10000012   Data           2  blinky.o(.data)
    dir_cnt                                  0x10000014   Data           4  blinky.o(.data)
    menu_counter                             0x10000018   Data           4  blinky.o(.data)
    selection_enable                         0x1000001c   Data           4  blinky.o(.data)
    incr                                     0x10000020   Data           4  blinky.o(.data)
    down_gal                                 0x10000024   Data           4  blinky.o(.data)
    down_mp3                                 0x10000028   Data           4  blinky.o(.data)
    ADC_Dbg                                  0x1000002c   Data           2  blinky.o(.data)
    buffer                                   0x10000030   Data           4  blinky.o(.data)
    ticks                                    0x10000034   Data           4  irq.o(.data)
    ClockLEDOn                               0x10000038   Data           1  irq.o(.data)
    ClockLEDOff                              0x10000039   Data           1  irq.o(.data)
    ClockANI                                 0x1000003a   Data           1  irq.o(.data)
    AD_done                                  0x10000042   Data           1  adc.o(.data)
    AD_last                                  0x10000044   Data           2  adc.o(.data)
    __initial_sp                             0x10000248   Data           0  startup_lpc17xx.o(STACK)



==============================================================================

Memory Map of the image

  Image Entry point : 0x000000cd

  Load Region LR_IROM1 (Base: 0x00000000, Size: 0x0002efa8, Max: 0x00040000, ABSOLUTE)

    Execution Region ER_IROM1 (Base: 0x00000000, Size: 0x0002ef60, Max: 0x00040000, ABSOLUTE)

    Base Addr    Size         Type   Attr      Idx    E Section Name        Object

    0x00000000   0x000000cc   Data   RO            3    RESET               startup_lpc17xx.o
    0x000000cc   0x00000000   Code   RO          310  * .ARM.Collect$$$$00000000  mc_w.l(entry.o)
    0x000000cc   0x00000004   Code   RO          315    .ARM.Collect$$$$00000001  mc_w.l(entry2.o)
    0x000000d0   0x00000004   Code   RO          318    .ARM.Collect$$$$00000004  mc_w.l(entry5.o)
    0x000000d4   0x00000000   Code   RO          320    .ARM.Collect$$$$00000008  mc_w.l(entry7b.o)
    0x000000d4   0x00000000   Code   RO          322    .ARM.Collect$$$$0000000A  mc_w.l(entry8b.o)
    0x000000d4   0x00000008   Code   RO          323    .ARM.Collect$$$$0000000B  mc_w.l(entry9a.o)
    0x000000dc   0x00000000   Code   RO          325    .ARM.Collect$$$$0000000D  mc_w.l(entry10a.o)
    0x000000dc   0x00000000   Code   RO          327    .ARM.Collect$$$$0000000F  mc_w.l(entry11a.o)
    0x000000dc   0x00000004   Code   RO          316    .ARM.Collect$$$$00002712  mc_w.l(entry2.o)
    0x000000e0   0x00000024   Code   RO            5    .text               startup_lpc17xx.o
    0x00000104   0x0000007c   Code   RO          131    .text               irq.o
    0x00000180   0x000000ac   Code   RO          182    .text               led.o
    0x0000022c   0x00000060   Code   RO          205    .text               kbd.o
    0x0000028c   0x00000062   Code   RO          313    .text               mc_w.l(uldiv.o)
    0x000002ee   0x0000000e   Code   RO          337    i.__scatterload_copy  mc_w.l(handlers.o)
    0x000002fc   0x00000004   Code   RO            4    .ARM.__at_0x02FC    startup_lpc17xx.o
    0x00000300   0x00000460   Code   RO           15    .text               system_lpc17xx.o
    0x00000760   0x0000035c   Code   RO           68    .text               blinky.o
    0x00000abc   0x00000ba4   Code   RO          145    .text               glcd_spi_lpc1700.o
    0x00001660   0x000000a8   Code   RO          231    .text               adc.o
    0x00001708   0x0000001e   Code   RO          329    .text               mc_w.l(llshl.o)
    0x00001726   0x00000020   Code   RO          331    .text               mc_w.l(llushr.o)
    0x00001746   0x00000002   PAD
    0x00001748   0x00000024   Code   RO          333    .text               mc_w.l(init.o)
    0x0000176c   0x00000002   Code   RO          338    i.__scatterload_null  mc_w.l(handlers.o)
    0x0000176e   0x0000000e   Code   RO          339    i.__scatterload_zeroinit  mc_w.l(handlers.o)
    0x0000177c   0x0002bf24   Data   RO           69    .constdata          blinky.o
    0x0002d6a0   0x00001880   Data   RO          146    .constdata          glcd_spi_lpc1700.o
    0x0002ef20   0x00000020   Data   RO          183    .constdata          led.o
    0x0002ef40   0x00000020   Data   RO          335    Region$$Table       anon$$obj.o


    Execution Region RW_IRAM1 (Base: 0x10000000, Size: 0x00000248, Max: 0x00008000, ABSOLUTE)

    Base Addr    Size         Type   Attr      Idx    E Section Name        Object

    0x10000000   0x00000008   Data   RW           16    .data               system_lpc17xx.o
    0x10000008   0x0000002c   Data   RW           70    .data               blinky.o
    0x10000034   0x00000007   Data   RW          132    .data               irq.o
    0x1000003b   0x00000001   PAD
    0x1000003c   0x00000005   Data   RW          147    .data               glcd_spi_lpc1700.o
    0x10000041   0x00000001   PAD
    0x10000042   0x00000004   Data   RW          232    .data               adc.o
    0x10000046   0x00000002   PAD
    0x10000048   0x00000200   Zero   RW            1    STACK               startup_lpc17xx.o


==============================================================================

Image component sizes


      Code (inc. data)   RO Data    RW Data    ZI Data      Debug   Object Name

       168         30          0          4          0        861   adc.o
       860        124     180004         44          0       3249   blinky.o
      2980         62       6272          5          0       8800   glcd_spi_lpc1700.o
       124         16          0          7          0        674   irq.o
        96         22          0          0          0        718   kbd.o
       172         16         32          0          0       1317   led.o
        40         12        204          0        512        884   startup_lpc17xx.o
      1120         90          0          8          0       5399   system_lpc17xx.o

    ----------------------------------------------------------------------
      5560        372     186544         72        512      21902   Object Totals
         0          0         32          0          0          0   (incl. Generated)
         0          0          0          4          0          0   (incl. Padding)

    ----------------------------------------------------------------------

      Code (inc. data)   RO Data    RW Data    ZI Data      Debug   Library Member Name

         0          0          0          0          0          0   entry.o
         0          0          0          0          0          0   entry10a.o
         0          0          0          0          0          0   entry11a.o
         8          4          0          0          0          0   entry2.o
         4          0          0          0          0          0   entry5.o
         0          0          0          0          0          0   entry7b.o
         0          0          0          0          0          0   entry8b.o
         8          4          0          0          0          0   entry9a.o
        30          0          0          0          0          0   handlers.o
        36          8          0          0          0         68   init.o
        30          0          0          0          0         68   llshl.o
        32          0          0          0          0         68   llushr.o
        98          0          0          0          0         92   uldiv.o

    ----------------------------------------------------------------------
       248         16          0          0          0        296   Library Totals
         2          0          0          0          0          0   (incl. Padding)

    ----------------------------------------------------------------------

      Code (inc. data)   RO Data    RW Data    ZI Data      Debug   Library Name

       246         16          0          0          0        296   mc_w.l

    ----------------------------------------------------------------------
       248         16          0          0          0        296   Library Totals

    ----------------------------------------------------------------------

==============================================================================


      Code (inc. data)   RO Data    RW Data    ZI Data      Debug   

      5808        388     186544         72        512      21522   Grand Totals
      5808        388     186544         72        512      21522   ELF Image Totals
      5808        388     186544         72          0          0   ROM Totals

==============================================================================

    Total RO  Size (Code + RO Data)               192352 ( 187.84kB)
    Total RW  Size (RW Data + ZI Data)               584 (   0.57kB)
    Total ROM Size (Code + RO Data + RW Data)     192424 ( 187.91kB)

==============================================================================

