<html>
<body>
<pre>
<h1>µVision Build Log</h1>
<h2>Project:</h2>
S:\coe718\media_project\complete_interim\Blinky.uvproj
Project File Date:  11/05/2019

<h2>Output:</h2>
Rebuild target 'LPC1768 Flash'
assembling startup_LPC17xx.s...
compiling system_LPC17xx.c...
compiling core_cm3.c...
compiling Blinky.c...
KBD.h(28): warning:  #1-D: last line of file ends without a newline
  #endif
Blinky.c: 1 warning, 0 errors
compiling IRQ.c...
compiling GLCD_SPI_LPC1700.c...
compiling LED.c...
compiling KBD.c...
KBD.h(28): warning:  #1-D: last line of file ends without a newline
  #endif
KBD.c: 1 warning, 0 errors
compiling ADC.c...
compiling Bg_16bpp_t.c...
compiling Bg_16bpp_l.c...
compiling Bg_16bpp_r.c...
compiling Bg_16bpp_b.c...
compiling ARM_Ani_16bpp.c...
compiling grug.c...
grug.c(7): warning:  #177-D: variable "GRUG_C_pixel_data" was declared but never referenced
  static const unsigned char GRUG_C_pixel_data[150 * 150 * 2 + 1] =
grug.c: 1 warning, 0 errors
compiling hank.c...
hank.c(7): warning:  #177-D: variable "HANK_C_pixel_data" was declared but never referenced
  static const unsigned char HANK_C_pixel_data[150 * 150 * 2 + 1] =
hank.c: 1 warning, 0 errors
compiling lory.c...
lory.c(7): warning:  #177-D: variable "LORY_C_pixel_data" was declared but never referenced
  static const unsigned char LORY_C_pixel_data[150 * 150 * 2 + 1] =
lory.c: 1 warning, 0 errors
compiling music_note.c...
music_note.c(7): warning:  #177-D: variable "MUSIC_NOTE_C_pixel_data" was declared but never referenced
  static const unsigned char MUSIC_NOTE_C_pixel_data[150 * 150 * 2 + 1] =
music_note.c: 1 warning, 0 errors
linking...
Program Size: Code=5808 RO-data=186544 RW-data=72 ZI-data=512  
".\Flash\Blinky.axf" - 0 Error(s), 6 Warning(s).
Load "S:\\coe718\\media_project\\complete_interim\\Flash\\Blinky.axf" 
Erase Done.
Programming Done.
Verify OK.
</pre>
</body>
</html>
